// Jest Snapshot v1, https://goo.gl/fbAQLP

exports[`Button to match snapshot 1`] = `
<button
  className="button   "
  disabled={false}
  onClick={[Function]}
  type="button"
>
  A Button
</button>
`;
