// Jest Snapshot v1, https://goo.gl/fbAQLP

exports[`Alert to match snapshot 1`] = `
<div
  className="alert undefined"
>
  <svg
    className="icon"
    fill="currentColor"
    viewBox="0 0 20 20"
    xmlns="http://www.w3.org/2000/svg"
  >
    <path
      clipRule="evenodd"
      d="M10 18a8 8 0 100-16 8 8 0 000 16zM8.707 7.293a1 1 0 00-1.414 1.414L8.586 10l-1.293 1.293a1 1 0 101.414 1.414L10 11.414l1.293 1.293a1 1 0 001.414-1.414L11.414 10l1.293-1.293a1 1 0 00-1.414-1.414L10 8.586 8.707 7.293z"
      fillRule="evenodd"
    />
  </svg>
  <h3
    className="message"
  >
    There was some errors on the endpoint, please be patient.
  </h3>
</div>
`;
